// Jest Snapshot v1, https://goo.gl/fbAQLP

exports[`renders learn react link 1`] = `
<div
  className="App"
>
  <header
    className="App-header"
  >
    <div>
      <h1>
        Any place in your app!
      </h1>
      <form
        action="#"
        onReset={[Function]}
        onSubmit={[Function]}
      >
        <input
          name="email"
          onBlur={[Function]}
          onChange={[Function]}
          type="email"
          value=""
        />
        <input
          name="password"
          onBlur={[Function]}
          onChange={[Function]}
          type="password"
          value=""
        />
        <button
          disabled={false}
          type="submit"
        >
          Submit
        </button>
      </form>
    </div>
  </header>
</div>
`;
